

Nexo.mq5 : information: compiling Nexo.mq5
Nexo.mq5 : information: including src\App\EAController.mqh
src\App\EAController.mqh : information: including C:\Users\makle\AppData\Roaming\MetaQuotes\Terminal\FB9A56D617EDDDFE29EE54EBEFFE96C1\MQL5\Include\Trade\Trade.mqh
C:\Users\makle\AppData\Roaming\MetaQuotes\Terminal\FB9A56D617EDDDFE29EE54EBEFFE96C1\MQL5\Include\Trade\Trade.mqh : information: including C:\Users\makle\AppData\Roaming\MetaQuotes\Terminal\FB9A56D617EDDDFE29EE54EBEFFE96C1\MQL5\Include\Object.mqh
C:\Users\makle\AppData\Roaming\MetaQuotes\Terminal\FB9A56D617EDDDFE29EE54EBEFFE96C1\MQL5\Include\Object.mqh : information: including C:\Users\makle\AppData\Roaming\MetaQuotes\Terminal\FB9A56D617EDDDFE29EE54EBEFFE96C1\MQL5\Include\StdLibErr.mqh
C:\Users\makle\AppData\Roaming\MetaQuotes\Terminal\FB9A56D617EDDDFE29EE54EBEFFE96C1\MQL5\Include\Trade\Trade.mqh : information: including C:\Users\makle\AppData\Roaming\MetaQuotes\Terminal\FB9A56D617EDDDFE29EE54EBEFFE96C1\MQL5\Include\Trade\OrderInfo.mqh
C:\Users\makle\AppData\Roaming\MetaQuotes\Terminal\FB9A56D617EDDDFE29EE54EBEFFE96C1\MQL5\Include\Trade\Trade.mqh : information: including C:\Users\makle\AppData\Roaming\MetaQuotes\Terminal\FB9A56D617EDDDFE29EE54EBEFFE96C1\MQL5\Include\Trade\HistoryOrderInfo.mqh
C:\Users\makle\AppData\Roaming\MetaQuotes\Terminal\FB9A56D617EDDDFE29EE54EBEFFE96C1\MQL5\Include\Trade\Trade.mqh : information: including C:\Users\makle\AppData\Roaming\MetaQuotes\Terminal\FB9A56D617EDDDFE29EE54EBEFFE96C1\MQL5\Include\Trade\PositionInfo.mqh
C:\Users\makle\AppData\Roaming\MetaQuotes\Terminal\FB9A56D617EDDDFE29EE54EBEFFE96C1\MQL5\Include\Trade\Trade.mqh : information: including C:\Users\makle\AppData\Roaming\MetaQuotes\Terminal\FB9A56D617EDDDFE29EE54EBEFFE96C1\MQL5\Include\Trade\DealInfo.mqh
src\App\EAController.mqh : information: including src\App\AppConfig.mqh
src\App\AppConfig.mqh : information: including src\Shared\CandlePatterns.mqh
src\App\EAController.mqh : information: including src\Domain\Entities\DailyState.mqh
src\App\EAController.mqh : information: including src\Domain\ValueObjects\TimeWindow.mqh
src\App\EAController.mqh : information: including src\Shared\Clock.mqh
src\App\EAController.mqh : information: including src\Infra\Market\AtrSmoother.mqh
src\App\EAController.mqh : information: including src\Infra\Market\MarketAdapter.mqh
src\Infra\Market\MarketAdapter.mqh : information: including src\Domain\ValueObjects\MarketSnapshot.mqh
src\Infra\Market\MarketAdapter.mqh : information: including src\Domain\ValueObjects\MarketHistory.mqh
src\App\EAController.mqh : information: including src\Infra\Logging\Logger.mqh
src\App\EAController.mqh : information: including src\Infra\Notifications\Notifier.mqh
src\Infra\Notifications\Notifier.mqh : information: including src\Shared\EaInfo.mqh
src\App\EAController.mqh : information: including src\Infra\Licensing\LicenseService.mqh
src\Infra\Licensing\LicenseService.mqh : information: including src\Domain\Entities\LicenseState.mqh
src\App\EAController.mqh : information: including src\Infra\Integrity\ConfigIntegrity.mqh
src\App\EAController.mqh : information: including src\Shared\OrderTag.mqh
src\App\EAController.mqh : information: including src\Shared\StopTypes.mqh
src\App\EAController.mqh : information: including src\Shared\TakeProfitTypes.mqh
src\App\EAController.mqh : information: including src\Strategies\Implementations\AdxStrategy.mqh
src\Strategies\Implementations\AdxStrategy.mqh : information: including src\Strategies\Base\StrategyBase.mqh
src\Strategies\Base\StrategyBase.mqh : information: including src\Domain\Services\Strategy.mqh
src\Domain\Services\Strategy.mqh : information: including src\Domain\Entities\StrategyContext.mqh
src\App\EAController.mqh : information: including src\Strategies\Implementations\DtStrategy.mqh
src\App\EAController.mqh : information: including src\Strategies\Implementations\TrendAcceleratorStrategy.mqh
src\App\EAController.mqh : information: including src\Strategies\Implementations\CandleWaveStrategy.mqh
src\App\EAController.mqh : information: including src\Strategies\Implementations\TrendReversalStrategy.mqh
src\App\EAController.mqh : information: including src\Strategies\Implementations\OutsiderBarStrategy.mqh
Nexo.mq5 : information: including src\Tester\TesterOptimization.mqh
src\Tester\TesterOptimization.mqh : information: including src\Tester\TesterMonteCarlo.mqh
src\Tester\TesterMonteCarlo.mqh : information: including C:\Users\makle\AppData\Roaming\MetaQuotes\Terminal\FB9A56D617EDDDFE29EE54EBEFFE96C1\MQL5\Include\Math\Stat\Uniform.mqh
C:\Users\makle\AppData\Roaming\MetaQuotes\Terminal\FB9A56D617EDDDFE29EE54EBEFFE96C1\MQL5\Include\Math\Stat\Uniform.mqh : information: including C:\Users\makle\AppData\Roaming\MetaQuotes\Terminal\FB9A56D617EDDDFE29EE54EBEFFE96C1\MQL5\Include\Math\Stat\Math.mqh
src\Tester\TesterOptimization.mqh : information: including src\Tester\TesterLinearRegression.mqh
 : information: generating code
 : information: generating code 3%
 : information: generating code 6%
 : information: generating code 9%
 : information: generating code 12%
 : information: generating code 15%
 : information: generating code 18%
 : information: generating code 21%
 : information: generating code 24%
 : information: generating code 27%
 : information: generating code 30%
 : information: generating code 33%
 : information: generating code 36%
 : information: generating code 39%
 : information: generating code 42%
 : information: generating code 45%
 : information: generating code 48%
 : information: generating code 51%
 : information: generating code 54%
 : information: generating code 57%
 : information: generating code 60%
 : information: generating code 63%
 : information: generating code 66%
 : information: generating code 69%
 : information: generating code 72%
 : information: generating code 75%
 : information: generating code 78%
 : information: generating code 81%
 : information: generating code 84%
 : information: generating code 87%
 : information: generating code 90%
 : information: generating code 93%
 : information: generating code 95%
 : information: generating code 100%
 : information: code generated
Result: 0 errors, 0 warnings, 4716 ms elapsed, cpu='X64 Regular'
